
> ai-interview-mocker@0.1.0 build
> next build

   Γû▓ Next.js 15.3.3
   - Environments: .env.local

   Creating an optimized production build ...
 Γ£ô Compiled successfully in 3.0s
   Linting and checking validity of types ...
   Collecting page data ...
node.exe : TypeError: 
Cannot read 
properties of 
undefined (reading 
'project')
At line:1 char:1
+ & "C:\Program Files\
nodejs/node.exe" 
"C:\Program 
Files\nodejs/node_mo 
...
+ ~~~~~~~~~~~~~~~~~~~~
~~~~~~~~~~~~~~~~~~~~~~
~~~~~~~~~~~~~~~~~~~~~~
~~~~~
    + CategoryInfo    
          : NotSpeci  
  fied: (TypeError:   
  Cann...ding 'pro    
ject'):String) []    
, RemoteException
    + FullyQualifiedE 
   rrorId : NativeCo  
  mmandError
 
    at new iI (E:\proj
ects\ai_mock_interview
\.next\server\app\api\
feedback\route.js:1:28
3147)
    at 13296 (E:\proje
cts\ai_mock_interview\
.next\server\app\api\f
eedback\route.js:1:285
466)
    at t (E:\projects\
ai_mock_interview\.nex
t\server\webpack-runti
me.js:1:143)
    at a (E:\projects\
ai_mock_interview\.nex
t\server\app\api\feedb
ack\route.js:38:3391)
    at <unknown> (E:\p
rojects\ai_mock_interv
iew\.next\server\app\a
pi\feedback\route.js:3
8:3422)
    at t.X (E:\project
s\ai_mock_interview\.n
ext\server\webpack-run
time.js:1:1285)
    at <unknown> (E:\p
rojects\ai_mock_interv
iew\.next\server\app\a
pi\feedback\route.js:3
8:3404)
    at 
Object.<anonymous> (E:
\projects\ai_mock_inte
rview\.next\server\app
\api\feedback\route.js
:38:3450)

> Build error occurred
[Error: Failed to 
collect page data for 
/api/feedback] { 
type: 'Error' }
